Windows PowerShell
Copyright (C) Microsoft Corporation. All rights reserved.

Install the latest PowerShell for new features and improvements! https://aka.ms/PSWindows

PS C:\Users\codel> cd C:\Users\codel\OneDrive\Desktop
PS C:\Users\codel\OneDrive\Desktop> mkdir CompanyProfile
mkdir : An item with the specified name C:\Users\codel\OneDrive\Desktop\CompanyProfile already
exists.
At line:1 char:1
+ mkdir CompanyProfile
+ ~~~~~~~~~~~~~~~~~~~~
    + CategoryInfo          : ResourceExists: (C:\Users\codel\...\CompanyProfile:String) [New-Item],
    IOException
    + FullyQualifiedErrorId : DirectoryExist,Microsoft.PowerShell.Commands.NewItemCommand

PS C:\Users\codel\OneDrive\Desktop> cd CompanyProfile
PS C:\Users\codel\OneDrive\Desktop\CompanyProfile> git init
Reinitialized existing Git repository in C:/Users/codel/OneDrive/Desktop/CompanyProfile/.git/
PS C:\Users\codel\OneDrive\Desktop\CompanyProfile> git status
On branch master

No commits yet

nothing to commit (create/copy files and use "git add" to track)
PS C:\Users\codel\OneDrive\Desktop\CompanyProfile> type nul > index.html
type : Cannot find path 'C:\Users\codel\OneDrive\Desktop\CompanyProfile\nul' because it does not
exist.
At line:1 char:1
+ type nul > index.html
+ ~~~~~~~~~~~~~~~~~~~~~
    + CategoryInfo          : ObjectNotFound: (C:\Users\codel\...panyProfile\nul:String) [Get-Conten
   t], ItemNotFoundException
    + FullyQualifiedErrorId : PathNotFound,Microsoft.PowerShell.Commands.GetContentCommand

PS C:\Users\codel\OneDrive\Desktop\CompanyProfile> git status
On branch master

No commits yet

Untracked files:
  (use "git add <file>..." to include in what will be committed)
        index.html

nothing added to commit but untracked files present (use "git add" to track)
PS C:\Users\codel\OneDrive\Desktop\CompanyProfile> git add index.html
PS C:\Users\codel\OneDrive\Desktop\CompanyProfile> git status
On branch master

No commits yet

Changes to be committed:
  (use "git rm --cached <file>..." to unstage)
        new file:   index.html

PS C:\Users\codel\OneDrive\Desktop\CompanyProfile> cd CompanyProfile
cd : Cannot find path 'C:\Users\codel\OneDrive\Desktop\CompanyProfile\CompanyProfile' because it
does not exist.
At line:1 char:1
+ cd CompanyProfile
+ ~~~~~~~~~~~~~~~~~
    + CategoryInfo          : ObjectNotFound: (C:\Users\codel\...\CompanyProfile:String) [Set-Locati
   on], ItemNotFoundException
    + FullyQualifiedErrorId : PathNotFound,Microsoft.PowerShell.Commands.SetLocationCommand

PS C:\Users\codel\OneDrive\Desktop\CompanyProfile> ni index.html
ni : The file 'C:\Users\codel\OneDrive\Desktop\CompanyProfile\index.html' already exists.
At line:1 char:1
+ ni index.html
+ ~~~~~~~~~~~~~
    + CategoryInfo          : WriteError: (C:\Users\codel\...file\index.html:String) [New-Item], IOE
   xception
    + FullyQualifiedErrorId : NewItemIOError,Microsoft.PowerShell.Commands.NewItemCommand

PS C:\Users\codel\OneDrive\Desktop\CompanyProfile> ni style.css


    Directory: C:\Users\codel\OneDrive\Desktop\CompanyProfile


Mode                 LastWriteTime         Length Name
----                 -------------         ------ ----
-a----         3/30/2026   2:05 PM              0 style.css


PS C:\Users\codel\OneDrive\Desktop\CompanyProfile> ni script.js


    Directory: C:\Users\codel\OneDrive\Desktop\CompanyProfile


Mode                 LastWriteTime         Length Name
----                 -------------         ------ ----
-a----         3/30/2026   2:05 PM              0 script.js


PS C:\Users\codel\OneDrive\Desktop\CompanyProfile> git status
On branch master

No commits yet

Changes to be committed:
  (use "git rm --cached <file>..." to unstage)
        new file:   index.html

Untracked files:
  (use "git add <file>..." to include in what will be committed)
        script.js
        style.css

PS C:\Users\codel\OneDrive\Desktop\CompanyProfile> git add -A
PS C:\Users\codel\OneDrive\Desktop\CompanyProfile> git status
On branch master

No commits yet

Changes to be committed:
  (use "git rm --cached <file>..." to unstage)
        new file:   index.html
        new file:   script.js
        new file:   style.css

PS C:\Users\codel\OneDrive\Desktop\CompanyProfile> git rm --cached notes.txt
fatal: pathspec 'notes.txt' did not match any files
PS C:\Users\codel\OneDrive\Desktop\CompanyProfile> git status
On branch master

No commits yet

Changes to be committed:
  (use "git rm --cached <file>..." to unstage)
        new file:   index.html
        new file:   script.js
        new file:   style.css

PS C:\Users\codel\OneDrive\Desktop\CompanyProfile> ni index.html
ni : The file 'C:\Users\codel\OneDrive\Desktop\CompanyProfile\index.html' already exists.
At line:1 char:1
+ ni index.html
+ ~~~~~~~~~~~~~
    + CategoryInfo          : WriteError: (C:\Users\codel\...file\index.html:String) [New-Item], IOE
   xception
    + FullyQualifiedErrorId : NewItemIOError,Microsoft.PowerShell.Commands.NewItemCommand

PS C:\Users\codel\OneDrive\Desktop\CompanyProfile> ni style.css
ni : The file 'C:\Users\codel\OneDrive\Desktop\CompanyProfile\style.css' already exists.
At line:1 char:1
+ ni style.css
+ ~~~~~~~~~~~~
    + CategoryInfo          : WriteError: (C:\Users\codel\...ofile\style.css:String) [New-Item], IOE
   xception
    + FullyQualifiedErrorId : NewItemIOError,Microsoft.PowerShell.Commands.NewItemCommand

PS C:\Users\codel\OneDrive\Desktop\CompanyProfile> ni script.js
ni : The file 'C:\Users\codel\OneDrive\Desktop\CompanyProfile\script.js' already exists.
At line:1 char:1
+ ni script.js
+ ~~~~~~~~~~~~
    + CategoryInfo          : WriteError: (C:\Users\codel\...ofile\script.js:String) [New-Item], IOE
   xception
    + FullyQualifiedErrorId : NewItemIOError,Microsoft.PowerShell.Commands.NewItemCommand

PS C:\Users\codel\OneDrive\Desktop\CompanyProfile> git add index.html style.css
PS C:\Users\codel\OneDrive\Desktop\CompanyProfile> Add-Content style.css "body { color: red; }"
PS C:\Users\codel\OneDrive\Desktop\CompanyProfile> git status
On branch master

No commits yet

Changes to be committed:
  (use "git rm --cached <file>..." to unstage)
        new file:   index.html
        new file:   script.js
        new file:   style.css

Changes not staged for commit:
  (use "git add <file>..." to update what will be committed)
  (use "git restore <file>..." to discard changes in working directory)
        modified:   style.css

PS C:\Users\codel\OneDrive\Desktop\CompanyProfile> git status -s
A  index.html
A  script.js
AM style.css
PS C:\Users\codel\OneDrive\Desktop\CompanyProfile> git status --short
A  index.html
A  script.js
AM style.css
PS C:\Users\codel\OneDrive\Desktop\CompanyProfile> git status -v
On branch master

No commits yet

Changes to be committed:
  (use "git rm --cached <file>..." to unstage)
        new file:   index.html
        new file:   script.js
        new file:   style.css

Changes not staged for commit:
  (use "git add <file>..." to update what will be committed)
  (use "git restore <file>..." to discard changes in working directory)
        modified:   style.css

diff --git a/index.html b/index.html
new file mode 100644
index 0000000..e69de29
diff --git a/script.js b/script.js
new file mode 100644
index 0000000..e69de29
diff --git a/style.css b/style.css
new file mode 100644
index 0000000..e69de29
PS C:\Users\codel\OneDrive\Desktop\CompanyProfile> ni index.html
ni : The file 'C:\Users\codel\OneDrive\Desktop\CompanyProfile\index.html' already exists.
At line:1 char:1
+ ni index.html
+ ~~~~~~~~~~~~~
    + CategoryInfo          : WriteError: (C:\Users\codel\...file\index.html:String) [New-Item], IOE
   xception
    + FullyQualifiedErrorId : NewItemIOError,Microsoft.PowerShell.Commands.NewItemCommand

PS C:\Users\codel\OneDrive\Desktop\CompanyProfile> ni style.css
ni : The file 'C:\Users\codel\OneDrive\Desktop\CompanyProfile\style.css' already exists.
At line:1 char:1
+ ni style.css
+ ~~~~~~~~~~~~
    + CategoryInfo          : WriteError: (C:\Users\codel\...ofile\style.css:String) [New-Item], IOE
   xception
    + FullyQualifiedErrorId : NewItemIOError,Microsoft.PowerShell.Commands.NewItemCommand

PS C:\Users\codel\OneDrive\Desktop\CompanyProfile> ni about.html


    Directory: C:\Users\codel\OneDrive\Desktop\CompanyProfile


Mode                 LastWriteTime         Length Name
----                 -------------         ------ ----
-a----         3/30/2026   2:07 PM              0 about.html


PS C:\Users\codel\OneDrive\Desktop\CompanyProfile> Add-Content index.html "<h1>Welcome</h1>"
PS C:\Users\codel\OneDrive\Desktop\CompanyProfile> ni contact.html


    Directory: C:\Users\codel\OneDrive\Desktop\CompanyProfile


Mode                 LastWriteTime         Length Name
----                 -------------         ------ ----
-a----         3/30/2026   2:07 PM              0 contact.html


PS C:\Users\codel\OneDrive\Desktop\CompanyProfile> git add -A
PS C:\Users\codel\OneDrive\Desktop\CompanyProfile> git status
On branch master

No commits yet

Changes to be committed:
  (use "git rm --cached <file>..." to unstage)
        new file:   about.html
        new file:   contact.html
        new file:   index.html
        new file:   script.js
        new file:   style.css

PS C:\Users\codel\OneDrive\Desktop\CompanyProfile> ni index.html
ni : The file 'C:\Users\codel\OneDrive\Desktop\CompanyProfile\index.html' already exists.
At line:1 char:1
+ ni index.html
+ ~~~~~~~~~~~~~
    + CategoryInfo          : WriteError: (C:\Users\codel\...file\index.html:String) [New-Item], IOE
   xception
    + FullyQualifiedErrorId : NewItemIOError,Microsoft.PowerShell.Commands.NewItemCommand

PS C:\Users\codel\OneDrive\Desktop\CompanyProfile> ni style.css
ni : The file 'C:\Users\codel\OneDrive\Desktop\CompanyProfile\style.css' already exists.
At line:1 char:1
+ ni style.css
+ ~~~~~~~~~~~~
    + CategoryInfo          : WriteError: (C:\Users\codel\...ofile\style.css:String) [New-Item], IOE
   xception
    + FullyQualifiedErrorId : NewItemIOError,Microsoft.PowerShell.Commands.NewItemCommand

PS C:\Users\codel\OneDrive\Desktop\CompanyProfile> ni app.js


    Directory: C:\Users\codel\OneDrive\Desktop\CompanyProfile


Mode                 LastWriteTime         Length Name
----                 -------------         ------ ----
-a----         3/30/2026   2:10 PM              0 app.js


PS C:\Users\codel\OneDrive\Desktop\CompanyProfile> ni .gitignore


    Directory: C:\Users\codel\OneDrive\Desktop\CompanyProfile


Mode                 LastWriteTime         Length Name
----                 -------------         ------ ----
-a----         3/30/2026   2:10 PM              0 .gitignore


PS C:\Users\codel\OneDrive\Desktop\CompanyProfile> Add-Content .gitignore "debug.log"
PS C:\Users\codel\OneDrive\Desktop\CompanyProfile> Add-Content .gitignore "temp/"
PS C:\Users\codel\OneDrive\Desktop\CompanyProfile> ni debug.log


    Directory: C:\Users\codel\OneDrive\Desktop\CompanyProfile


Mode                 LastWriteTime         Length Name
----                 -------------         ------ ----
-a----         3/30/2026   2:11 PM              0 debug.log


PS C:\Users\codel\OneDrive\Desktop\CompanyProfile> mkdir temp


    Directory: C:\Users\codel\OneDrive\Desktop\CompanyProfile


Mode                 LastWriteTime         Length Name
----                 -------------         ------ ----
d-----         3/30/2026   2:11 PM                temp


PS C:\Users\codel\OneDrive\Desktop\CompanyProfile> git status
On branch master

No commits yet

Changes to be committed:
  (use "git rm --cached <file>..." to unstage)
        new file:   about.html
        new file:   contact.html
        new file:   index.html
        new file:   script.js
        new file:   style.css

Untracked files:
  (use "git add <file>..." to include in what will be committed)
        .gitignore
        app.js

PS C:\Users\codel\OneDrive\Desktop\CompanyProfile> git status --ignored
On branch master

No commits yet

Changes to be committed:
  (use "git rm --cached <file>..." to unstage)
        new file:   about.html
        new file:   contact.html
        new file:   index.html
        new file:   script.js
        new file:   style.css

Untracked files:
  (use "git add <file>..." to include in what will be committed)
        .gitignore
        app.js

Ignored files:
  (use "git add -f <file>..." to include in what will be committed)
        debug.log

PS C:\Users\codel\OneDrive\Desktop\CompanyProfile> ni main.html


    Directory: C:\Users\codel\OneDrive\Desktop\CompanyProfile


Mode                 LastWriteTime         Length Name
----                 -------------         ------ ----
-a----         3/30/2026   2:11 PM              0 main.html


PS C:\Users\codel\OneDrive\Desktop\CompanyProfile> ni style.css
ni : The file 'C:\Users\codel\OneDrive\Desktop\CompanyProfile\style.css' already exists.
At line:1 char:1
+ ni style.css
+ ~~~~~~~~~~~~
    + CategoryInfo          : WriteError: (C:\Users\codel\...ofile\style.css:String) [New-Item], IOE
   xception
    + FullyQualifiedErrorId : NewItemIOError,Microsoft.PowerShell.Commands.NewItemCommand

PS C:\Users\codel\OneDrive\Desktop\CompanyProfile> ni notes.txt


    Directory: C:\Users\codel\OneDrive\Desktop\CompanyProfile


Mode                 LastWriteTime         Length Name
----                 -------------         ------ ----
-a----         3/30/2026   2:11 PM              0 notes.txt


PS C:\Users\codel\OneDrive\Desktop\CompanyProfile> git add main.html
PS C:\Users\codel\OneDrive\Desktop\CompanyProfile> Add-Content main.html "<p>Update</p>"
PS C:\Users\codel\OneDrive\Desktop\CompanyProfile> git status -s
A  about.html
A  contact.html
A  index.html
AM main.html
A  script.js
A  style.css
?? .gitignore
?? app.js
?? notes.txt
PS C:\Users\codel\OneDrive\Desktop\CompanyProfile> git status --short
A  about.html
A  contact.html
A  index.html
AM main.html
A  script.js
A  style.css
?? .gitignore
?? app.js
?? notes.txt
PS C:\Users\codel\OneDrive\Desktop\CompanyProfile> ni index.html
ni : The file 'C:\Users\codel\OneDrive\Desktop\CompanyProfile\index.html' already exists.
At line:1 char:1
+ ni index.html
+ ~~~~~~~~~~~~~
    + CategoryInfo          : WriteError: (C:\Users\codel\...file\index.html:String) [New-Item], IOE
   xception
    + FullyQualifiedErrorId : NewItemIOError,Microsoft.PowerShell.Commands.NewItemCommand

PS C:\Users\codel\OneDrive\Desktop\CompanyProfile> ni style.css
ni : The file 'C:\Users\codel\OneDrive\Desktop\CompanyProfile\style.css' already exists.
At line:1 char:1
+ ni style.css
+ ~~~~~~~~~~~~
    + CategoryInfo          : WriteError: (C:\Users\codel\...ofile\style.css:String) [New-Item], IOE
   xception
    + FullyQualifiedErrorId : NewItemIOError,Microsoft.PowerShell.Commands.NewItemCommand

PS C:\Users\codel\OneDrive\Desktop\CompanyProfile> ni notes.txt
ni : The file 'C:\Users\codel\OneDrive\Desktop\CompanyProfile\notes.txt' already exists.
At line:1 char:1
+ ni notes.txt
+ ~~~~~~~~~~~~
    + CategoryInfo          : WriteError: (C:\Users\codel\...ofile\notes.txt:String) [New-Item], IOE
   xception
    + FullyQualifiedErrorId : NewItemIOError,Microsoft.PowerShell.Commands.NewItemCommand

PS C:\Users\codel\OneDrive\Desktop\CompanyProfile> git status
On branch master

No commits yet

Changes to be committed:
  (use "git rm --cached <file>..." to unstage)
        new file:   about.html
        new file:   contact.html
        new file:   index.html
        new file:   main.html
        new file:   script.js
        new file:   style.css

Changes not staged for commit:
  (use "git add <file>..." to update what will be committed)
  (use "git restore <file>..." to discard changes in working directory)
        modified:   main.html

Untracked files:
  (use "git add <file>..." to include in what will be committed)
        .gitignore
        app.js
        notes.txt

PS C:\Users\codel\OneDrive\Desktop\CompanyProfile> git add index.html
PS C:\Users\codel\OneDrive\Desktop\CompanyProfile> git status
On branch master

No commits yet

Changes to be committed:
  (use "git rm --cached <file>..." to unstage)
        new file:   about.html
        new file:   contact.html
        new file:   index.html
        new file:   main.html
        new file:   script.js
        new file:   style.css

Changes not staged for commit:
  (use "git add <file>..." to update what will be committed)
  (use "git restore <file>..." to discard changes in working directory)
        modified:   main.html

Untracked files:
  (use "git add <file>..." to include in what will be committed)
        .gitignore
        app.js
        notes.txt

PS C:\Users\codel\OneDrive\Desktop\CompanyProfile> ni index.html
ni : The file 'C:\Users\codel\OneDrive\Desktop\CompanyProfile\index.html' already exists.
At line:1 char:1
+ ni index.html
+ ~~~~~~~~~~~~~
    + CategoryInfo          : WriteError: (C:\Users\codel\...file\index.html:String) [New-Item], IOE
   xception
    + FullyQualifiedErrorId : NewItemIOError,Microsoft.PowerShell.Commands.NewItemCommand

PS C:\Users\codel\OneDrive\Desktop\CompanyProfile> ni style.css
ni : The file 'C:\Users\codel\OneDrive\Desktop\CompanyProfile\style.css' already exists.
At line:1 char:1
+ ni style.css
+ ~~~~~~~~~~~~
    + CategoryInfo          : WriteError: (C:\Users\codel\...ofile\style.css:String) [New-Item], IOE
   xception
    + FullyQualifiedErrorId : NewItemIOError,Microsoft.PowerShell.Commands.NewItemCommand

PS C:\Users\codel\OneDrive\Desktop\CompanyProfile> ni script.js
ni : The file 'C:\Users\codel\OneDrive\Desktop\CompanyProfile\script.js' already exists.
At line:1 char:1
+ ni script.js
+ ~~~~~~~~~~~~
    + CategoryInfo          : WriteError: (C:\Users\codel\...ofile\script.js:String) [New-Item], IOE
   xception
    + FullyQualifiedErrorId : NewItemIOError,Microsoft.PowerShell.Commands.NewItemCommand

PS C:\Users\codel\OneDrive\Desktop\CompanyProfile> git add -A
PS C:\Users\codel\OneDrive\Desktop\CompanyProfile> git status
On branch master

No commits yet

Changes to be committed:
  (use "git rm --cached <file>..." to unstage)
        new file:   .gitignore
        new file:   about.html
        new file:   app.js
        new file:   contact.html
        new file:   index.html
        new file:   main.html
        new file:   notes.txt
        new file:   script.js
        new file:   style.css

PS C:\Users\codel\OneDrive\Desktop\CompanyProfile> git rm --cached index.html style.css script.js
rm 'index.html'
rm 'script.js'
rm 'style.css'
PS C:\Users\codel\OneDrive\Desktop\CompanyProfile> git status
On branch master

No commits yet

Changes to be committed:
  (use "git rm --cached <file>..." to unstage)
        new file:   .gitignore
        new file:   about.html
        new file:   app.js
        new file:   contact.html
        new file:   main.html
        new file:   notes.txt

Untracked files:
  (use "git add <file>..." to include in what will be committed)
        index.html
        script.js
        style.css

PS C:\Users\codel\OneDrive\Desktop\CompanyProfile> ni index.html
ni : The file 'C:\Users\codel\OneDrive\Desktop\CompanyProfile\index.html' already exists.
At line:1 char:1
+ ni index.html
+ ~~~~~~~~~~~~~
    + CategoryInfo          : WriteError: (C:\Users\codel\...file\index.html:String) [New-Item], IOE
   xception
    + FullyQualifiedErrorId : NewItemIOError,Microsoft.PowerShell.Commands.NewItemCommand

PS C:\Users\codel\OneDrive\Desktop\CompanyProfile> ni style.css
ni : The file 'C:\Users\codel\OneDrive\Desktop\CompanyProfile\style.css' already exists.
At line:1 char:1
+ ni style.css
+ ~~~~~~~~~~~~
    + CategoryInfo          : WriteError: (C:\Users\codel\...ofile\style.css:String) [New-Item], IOE
   xception
    + FullyQualifiedErrorId : NewItemIOError,Microsoft.PowerShell.Commands.NewItemCommand

PS C:\Users\codel\OneDrive\Desktop\CompanyProfile> ni script.js
ni : The file 'C:\Users\codel\OneDrive\Desktop\CompanyProfile\script.js' already exists.
At line:1 char:1
+ ni script.js
+ ~~~~~~~~~~~~
    + CategoryInfo          : WriteError: (C:\Users\codel\...ofile\script.js:String) [New-Item], IOE
   xception
    + FullyQualifiedErrorId : NewItemIOError,Microsoft.PowerShell.Commands.NewItemCommand

PS C:\Users\codel\OneDrive\Desktop\CompanyProfile> ni README.md


    Directory: C:\Users\codel\OneDrive\Desktop\CompanyProfile


Mode                 LastWriteTime         Length Name
----                 -------------         ------ ----
-a----         3/30/2026   2:14 PM              0 README.md


PS C:\Users\codel\OneDrive\Desktop\CompanyProfile> ni notes.txt
ni : The file 'C:\Users\codel\OneDrive\Desktop\CompanyProfile\notes.txt' already exists.
At line:1 char:1
+ ni notes.txt
+ ~~~~~~~~~~~~
    + CategoryInfo          : WriteError: (C:\Users\codel\...ofile\notes.txt:String) [New-Item], IOE
   xception
    + FullyQualifiedErrorId : NewItemIOError,Microsoft.PowerShell.Commands.NewItemCommand

PS C:\Users\codel\OneDrive\Desktop\CompanyProfile> git add -A
PS C:\Users\codel\OneDrive\Desktop\CompanyProfile> git status
On branch master

No commits yet

Changes to be committed:
  (use "git rm --cached <file>..." to unstage)
        new file:   .gitignore
        new file:   README.md
        new file:   about.html
        new file:   app.js
        new file:   contact.html
        new file:   index.html
        new file:   main.html
        new file:   notes.txt
        new file:   script.js
        new file:   style.css

PS C:\Users\codel\OneDrive\Desktop\CompanyProfile> Add-Content style.css "body { background: blue; }"
PS C:\Users\codel\OneDrive\Desktop\CompanyProfile> ni draft.txt


    Directory: C:\Users\codel\OneDrive\Desktop\CompanyProfile


Mode                 LastWriteTime         Length Name
----                 -------------         ------ ----
-a----         3/30/2026   2:15 PM              0 draft.txt


PS C:\Users\codel\OneDrive\Desktop\CompanyProfile> git rm --cached notes.txt
rm 'notes.txt'
PS C:\Users\codel\OneDrive\Desktop\CompanyProfile> git status
On branch master

No commits yet

Changes to be committed:
  (use "git rm --cached <file>..." to unstage)
        new file:   .gitignore
        new file:   README.md
        new file:   about.html
        new file:   app.js
        new file:   contact.html
        new file:   index.html
        new file:   main.html
        new file:   script.js
        new file:   style.css

Changes not staged for commit:
  (use "git add <file>..." to update what will be committed)
  (use "git restore <file>..." to discard changes in working directory)
        modified:   style.css

Untracked files:
  (use "git add <file>..." to include in what will be committed)
        draft.txt
        notes.txt

PS C:\Users\codel\OneDrive\Desktop\CompanyProfile> git status -s
A  .gitignore
A  README.md
A  about.html
A  app.js
A  contact.html
A  index.html
A  main.html
A  script.js
AM style.css
?? draft.txt
?? notes.txt
PS C:\Users\codel\OneDrive\Desktop\CompanyProfile>
