Microsoft Windows [Version 10.0.26200.8037]
(c) Microsoft Corporation. All rights reserved.

C:\Users\codel>cd C:\Users\codel\OneDrive\Desktop

C:\Users\codel\OneDrive\Desktop>mkdir my-project
A subdirectory or file my-project already exists.

C:\Users\codel\OneDrive\Desktop>cd my-project

C:\Users\codel\OneDrive\Desktop\my-project>git init
Reinitialized existing Git repository in C:/Users/codel/OneDrive/Desktop/my-project/.git/

C:\Users\codel\OneDrive\Desktop\my-project>type nul > about.html

C:\Users\codel\OneDrive\Desktop\my-project>git status
On branch main
nothing to commit, working tree clean

C:\Users\codel\OneDrive\Desktop\my-project>git add about.html

C:\Users\codel\OneDrive\Desktop\my-project>git commit -m "Add about page"
On branch main
nothing to commit, working tree clean

C:\Users\codel\OneDrive\Desktop\my-project>git branch -M main

C:\Users\codel\OneDrive\Desktop\my-project>git push -u origin main
remote: Not Found
fatal: repository 'https://github.com/dashboard/' not found

C:\Users\codel\OneDrive\Desktop\my-project>git remote remove origin

C:\Users\codel\OneDrive\Desktop\my-project>git remote add origin https://github.com/your-username/your-repo.git

C:\Users\codel\OneDrive\Desktop\my-project>git remote -v
origin  https://github.com/your-username/your-repo.git (fetch)
origin  https://github.com/your-username/your-repo.git (push)

C:\Users\codel\OneDrive\Desktop\my-project>git remote add origin <repository-url>
The syntax of the command is incorrect.

C:\Users\codel\OneDrive\Desktop\my-project>git remote -v
origin  https://github.com/your-username/your-repo.git (fetch)
origin  https://github.com/your-username/your-repo.git (push)

C:\Users\codel\OneDrive\Desktop\my-project>git status
On branch main
nothing to commit, working tree clean

C:\Users\codel\OneDrive\Desktop\my-project>type nul > about.html

C:\Users\codel\OneDrive\Desktop\my-project>git status
On branch main
nothing to commit, working tree clean

C:\Users\codel\OneDrive\Desktop\my-project>git add about.html

C:\Users\codel\OneDrive\Desktop\my-project>git commit -m "Add about page"
On branch main
nothing to commit, working tree clean

C:\Users\codel\OneDrive\Desktop\my-project>git push origin main
fatal: User cancelled dialog.
Username for 'https://github.com': git status
Password for 'https://git%20status@github.com':
remote: Invalid username or token. Password authentication is not supported for Git operations.
fatal: Authentication failed for 'https://github.com/your-username/your-repo.git/'

C:\Users\codel\OneDrive\Desktop\my-project>
C:\Users\codel\OneDrive\Desktop\my-project>git status
On branch main
nothing to commit, working tree clean

C:\Users\codel\OneDrive\Desktop\my-project>git remote -v
origin  https://github.com/your-username/your-repo.git (fetch)
origin  https://github.com/your-username/your-repo.git (push)

C:\Users\codel\OneDrive\Desktop\my-project>git remote add origin <repository-url>
The syntax of the command is incorrect.

C:\Users\codel\OneDrive\Desktop\my-project>git remote -v
origin  https://github.com/your-username/your-repo.git (fetch)
origin  https://github.com/your-username/your-repo.git (push)

C:\Users\codel\OneDrive\Desktop\my-project>type nul > services.html

C:\Users\codel\OneDrive\Desktop\my-project>git status
On branch main
Untracked files:
  (use "git add <file>..." to include in what will be committed)
        services.html

nothing added to commit but untracked files present (use "git add" to track)

C:\Users\codel\OneDrive\Desktop\my-project>git add services.html

C:\Users\codel\OneDrive\Desktop\my-project>git commit -m "Add services page"
[main ce39051] Add services page
 1 file changed, 0 insertions(+), 0 deletions(-)
 create mode 100644 services.html

C:\Users\codel\OneDrive\Desktop\my-project>git remote -v
origin  https://github.com/your-username/your-repo.git (fetch)
origin  https://github.com/your-username/your-repo.git (push)

C:\Users\codel\OneDrive\Desktop\my-project>git pull origin main
fatal: User cancelled dialog.
Username for 'https://github.com':
Password for 'https://github.com':
remote: Repository not found.
fatal: Authentication failed for 'https://github.com/your-username/your-repo.git/'

C:\Users\codel\OneDrive\Desktop\my-project>
C:\Users\codel\OneDrive\Desktop\my-project>type nul > contact.html

C:\Users\codel\OneDrive\Desktop\my-project>git status
On branch main
Untracked files:
  (use "git add <file>..." to include in what will be committed)
        contact.html

nothing added to commit but untracked files present (use "git add" to track)

C:\Users\codel\OneDrive\Desktop\my-project>git add contact.html

C:\Users\codel\OneDrive\Desktop\my-project>git commit -m "Add contact page"
[main 53e36a6] Add contact page
 1 file changed, 0 insertions(+), 0 deletions(-)
 create mode 100644 contact.html

C:\Users\codel\OneDrive\Desktop\my-project>git push origin main
fatal: User cancelled dialog.
Username for 'https://github.com': Qais987
Password for 'https://Qais987@github.com':
remote: Invalid username or token. Password authentication is not supported for Git operations.
fatal: Authentication failed for 'https://github.com/your-username/your-repo.git/'

C:\Users\codel\OneDrive\Desktop\my-project>git status
On branch main
nothing to commit, working tree clean

C:\Users\codel\OneDrive\Desktop\my-project>git remote -v
origin  https://github.com/your-username/your-repo.git (fetch)
origin  https://github.com/your-username/your-repo.git (push)

C:\Users\codel\OneDrive\Desktop\my-project>git remote add origin https://github.com/EngIshaqalbalushi/Red.git
error: remote origin already exists.

C:\Users\codel\OneDrive\Desktop\my-project>git remote -v
origin  https://github.com/your-username/your-repo.git (fetch)
origin  https://github.com/your-username/your-repo.git (push)

C:\Users\codel\OneDrive\Desktop\my-project>git pull origin master
info: please complete authentication in your browser...
remote: Repository not found.
fatal: repository 'https://github.com/your-username/your-repo.git/' not found

C:\Users\codel\OneDrive\Desktop\my-project>git status
On branch main
nothing to commit, working tree clean

C:\Users\codel\OneDrive\Desktop\my-project>
C:\Users\codel\OneDrive\Desktop\my-project>
C:\Users\codel\OneDrive\Desktop\my-project>git statusgit statusgit status
git: 'statusgit' is not a git command. See 'git --help'.

C:\Users\codel\OneDrive\Desktop\my-project>git statusgit statusgit status
git: 'statusgit' is not a git command. See 'git --help'.

C:\Users\codel\OneDrive\Desktop\my-project>git status
On branch main
nothing to commit, working tree clean

C:\Users\codel\OneDrive\Desktop\my-project>git remote -v
origin  https://github.com/your-username/your-repo.git (fetch)
origin  https://github.com/your-username/your-repo.git (push)

C:\Users\codel\OneDrive\Desktop\my-project>git remote add origin https://github.com/EngIshaqalbalushi/landingpage.git
error: remote origin already exists.

C:\Users\codel\OneDrive\Desktop\my-project>git remote -v
origin  https://github.com/your-username/your-repo.git (fetch)
origin  https://github.com/your-username/your-repo.git (push)

C:\Users\codel\OneDrive\Desktop\my-project>git pull origin master
info: please complete authentication in your browser...
remote: Repository not found.
fatal: repository 'https://github.com/your-username/your-repo.git/' not found

C:\Users\codel\OneDrive\Desktop\my-project>
C:\Users\codel\OneDrive\Desktop\my-project>git status
On branch main
nothing to commit, working tree clean

C:\Users\codel\OneDrive\Desktop\my-project>git remote -v
origin  https://github.com/your-username/your-repo.git (fetch)
origin  https://github.com/your-username/your-repo.git (push)

C:\Users\codel\OneDrive\Desktop\my-project>git remote add origin <repository-url>
The syntax of the command is incorrect.

C:\Users\codel\OneDrive\Desktop\my-project>git remote add origin <https://github.com/dashboard>
The syntax of the command is incorrect.

C:\Users\codel\OneDrive\Desktop\my-project>git remote add origin https://github.com/dashboard
error: remote origin already exists.

C:\Users\codel\OneDrive\Desktop\my-project>git remote -v
origin  https://github.com/your-username/your-repo.git (fetch)
origin  https://github.com/your-username/your-repo.git (push)

C:\Users\codel\OneDrive\Desktop\my-project>type nul > index.html

C:\Users\codel\OneDrive\Desktop\my-project>type nul > about.html

C:\Users\codel\OneDrive\Desktop\my-project>type nul > services.html

C:\Users\codel\OneDrive\Desktop\my-project>type nul > contact.html

C:\Users\codel\OneDrive\Desktop\my-project>git status
On branch main
Untracked files:
  (use "git add <file>..." to include in what will be committed)
        index.html

nothing added to commit but untracked files present (use "git add" to track)

C:\Users\codel\OneDrive\Desktop\my-project>git add .

C:\Users\codel\OneDrive\Desktop\my-project>git commit -m "Add initial project files"
[main d782460] Add initial project files
 1 file changed, 0 insertions(+), 0 deletions(-)
 create mode 100644 index.html

C:\Users\codel\OneDrive\Desktop\my-project>git branch -M main

C:\Users\codel\OneDrive\Desktop\my-project>git push -u origin main
info: please complete authentication in your browser...
remote: Repository not found.
fatal: repository 'https://github.com/your-username/your-repo.git/' not found

C:\Users\codel\OneDrive\Desktop\my-project>git status
On branch main
nothing to commit, working tree clean

C:\Users\codel\OneDrive\Desktop\my-project>git remote -v
origin  https://github.com/your-username/your-repo.git (fetch)
origin  https://github.com/your-username/your-repo.git (push)

C:\Users\codel\OneDrive\Desktop\my-project>git pull origin main
info: please complete authentication in your browser...
remote: Repository not found.
fatal: repository 'https://github.com/your-username/your-repo.git/' not found

C:\Users\codel\OneDrive\Desktop\my-project>type nul > team.html

C:\Users\codel\OneDrive\Desktop\my-project>git status
On branch main
Untracked files:
  (use "git add <file>..." to include in what will be committed)
        team.html

nothing added to commit but untracked files present (use "git add" to track)

C:\Users\codel\OneDrive\Desktop\my-project>git add .

C:\Users\codel\OneDrive\Desktop\my-project>git commit -m "Add team page"
[main 52fb7d5] Add team page
 1 file changed, 0 insertions(+), 0 deletions(-)
 create mode 100644 team.html

C:\Users\codel\OneDrive\Desktop\my-project>git push origin main
info: please complete authentication in your browser...
remote: Repository not found.
fatal: repository 'https://github.com/your-username/your-repo.git/' not found

C:\Users\codel\OneDrive\Desktop\my-project>git status
On branch main
nothing to commit, working tree clean

C:\Users\codel\OneDrive\Desktop\my-project>git init
Reinitialized existing Git repository in C:/Users/codel/OneDrive/Desktop/my-project/.git/

C:\Users\codel\OneDrive\Desktop\my-project>git status
On branch main
nothing to commit, working tree clean

C:\Users\codel\OneDrive\Desktop\my-project>git remote add origin https://github.com/dashboard
error: remote origin already exists.

C:\Users\codel\OneDrive\Desktop\my-project> type nul > index.html

C:\Users\codel\OneDrive\Desktop\my-project>type nul > style.css

C:\Users\codel\OneDrive\Desktop\my-project>type nul > script.js

C:\Users\codel\OneDrive\Desktop\my-project>type nul > README.md

C:\Users\codel\OneDrive\Desktop\my-project>git status
On branch main
Untracked files:
  (use "git add <file>..." to include in what will be committed)
        README.md
        script.js
        style.css

nothing added to commit but untracked files present (use "git add" to track)

C:\Users\codel\OneDrive\Desktop\my-project>git add .

C:\Users\codel\OneDrive\Desktop\my-project>git commit -m "Initial project commit"
[main 18f06c4] Initial project commit
 3 files changed, 0 insertions(+), 0 deletions(-)
 create mode 100644 README.md
 create mode 100644 script.js
 create mode 100644 style.css

C:\Users\codel\OneDrive\Desktop\my-project>git branch -M main

C:\Users\codel\OneDrive\Desktop\my-project>git push -u origin main
info: please complete authentication in your browser...
remote: Repository not found.
fatal: repository 'https://github.com/your-username/your-repo.git/' not found

C:\Users\codel\OneDrive\Desktop\my-project>git status
On branch main
nothing to commit, working tree clean

C:\Users\codel\OneDrive\Desktop\my-project>git status
On branch main
nothing to commit, working tree clean

C:\Users\codel\OneDrive\Desktop\my-project>type nul > .gitignore

C:\Users\codel\OneDrive\Desktop\my-project>type nul > index.html

C:\Users\codel\OneDrive\Desktop\my-project>type nul > style.css

C:\Users\codel\OneDrive\Desktop\my-project>type nul > script.js

C:\Users\codel\OneDrive\Desktop\my-project>type nul > README.md

C:\Users\codel\OneDrive\Desktop\my-project>git status
On branch main
Untracked files:
  (use "git add <file>..." to include in what will be committed)
        .gitignore

nothing added to commit but untracked files present (use "git add" to track)

C:\Users\codel\OneDrive\Desktop\my-project>git add .

C:\Users\codel\OneDrive\Desktop\my-project>git commit -m "Add project files with gitignore"
[main e5adcec] Add project files with gitignore
 1 file changed, 0 insertions(+), 0 deletions(-)
 create mode 100644 .gitignore

C:\Users\codel\OneDrive\Desktop\my-project>git push origin main
info: please complete authentication in your browser...
remote: Repository not found.
fatal: repository 'https://github.com/your-username/your-repo.git/' not found

C:\Users\codel\OneDrive\Desktop\my-project>git status
On branch main
nothing to commit, working tree clean

C:\Users\codel\OneDrive\Desktop\my-project>
